Flutter crash report.
Please report a bug at https://github.com/flutter/flutter/issues.

## command

flutter pub get

## exception

FileSystemException: FileSystemException: Cannot open file, path = 'E:\Projects\qanoon_buddy_fresh\.flutter-plugins-dependencies' (OS Error: The file or directory is corrupted and unreadable, errno = 1392)

```
#0      _File.throwIfError (dart:io/file_impl.dart:779:7)
#1      _File.openSync (dart:io/file_impl.dart:572:5)
#2      _File.writeAsBytesSync (dart:io/file_impl.dart:744:31)
#3      _File.writeAsStringSync (dart:io/file_impl.dart:772:5)
#4      ForwardingFile.writeAsStringSync (package:file/src/forwarding/forwarding_file.dart:150:16)
#5      ErrorHandlingFile.writeAsStringSync.<anonymous closure> (package:flutter_tools/src/base/error_handling_io.dart:254:22)
#6      _runSync (package:flutter_tools/src/base/error_handling_io.dart:552:14)
#7      ErrorHandlingFile.writeAsStringSync (package:flutter_tools/src/base/error_handling_io.dart:253:5)
#8      _writeFlutterPluginsList (package:flutter_tools/src/flutter_plugins.dart:263:17)
#9      refreshPluginsList (package:flutter_tools/src/flutter_plugins.dart:1185:24)
<asynchronous suspension>
#10     FlutterProject.ensureReadyForPlatformSpecificTooling (package:flutter_tools/src/project.dart:401:5)
<asynchronous suspension>
#11     PackagesGetCommand.runCommand (package:flutter_tools/src/commands/packages.dart:395:9)
<asynchronous suspension>
#12     FlutterCommand.run.<anonymous closure> (package:flutter_tools/src/runner/flutter_command.dart:1590:27)
<asynchronous suspension>
#13     AppContext.run.<anonymous closure> (package:flutter_tools/src/base/context.dart:154:19)
<asynchronous suspension>
#14     CommandRunner.runCommand (package:args/command_runner.dart:212:13)
<asynchronous suspension>
#15     FlutterCommandRunner.runCommand.<anonymous closure> (package:flutter_tools/src/runner/flutter_command_runner.dart:496:9)
<asynchronous suspension>
#16     AppContext.run.<anonymous closure> (package:flutter_tools/src/base/context.dart:154:19)
<asynchronous suspension>
#17     FlutterCommandRunner.runCommand (package:flutter_tools/src/runner/flutter_command_runner.dart:431:5)
<asynchronous suspension>
#18     FlutterCommandRunner.run.<anonymous closure> (package:flutter_tools/src/runner/flutter_command_runner.dart:307:33)
<asynchronous suspension>
#19     run.<anonymous closure>.<anonymous closure> (package:flutter_tools/runner.dart:104:11)
<asynchronous suspension>
#20     AppContext.run.<anonymous closure> (package:flutter_tools/src/base/context.dart:154:19)
<asynchronous suspension>
#21     main (package:flutter_tools/executable.dart:103:3)
<asynchronous suspension>
```

## flutter doctor

```
[!] Flutter (Channel stable, 3.41.2, on Microsoft Windows [Version 10.0.22631.6199], locale en-US) [289ms]
    • Flutter version 3.41.2 on channel stable at C:\src\flutter
    ! Warning: `flutter` on your path resolves to E:\Projects\qanoon_buddy_fresh\flutter.js, which is not inside your current Flutter SDK checkout at C:\src\flutter. Consider adding C:\src\flutter\bin to the front of your path.
    • Upstream repository https://github.com/flutter/flutter.git
    • Framework revision 90673a4eef (3 months ago), 2026-02-18 13:54:59 -0800
    • Engine revision 6c0baaebf7
    • Dart version 3.11.0
    • DevTools version 2.54.1
    • Feature flags: enable-web, enable-linux-desktop, enable-macos-desktop, enable-windows-desktop, enable-android, enable-ios, cli-animations, enable-native-assets, omit-legacy-version-file, enable-lldb-debugging, enable-uiscene-migration
    • If those were intentional, you can disregard the above warnings; however it is recommended to use "git" directly to perform update checks and upgrades.

[✓] Windows Version (11 Pro 64-bit, 23H2, 2009) [3.3s]

[!] Android toolchain - develop for Android devices (Android SDK version 36.1.0) [518ms]
    • Android SDK at C:\Users\786 Computers\AppData\Local\Android\sdk
    • Emulator version 36.3.10.0 (build_id 14472402) (CL:N/A)
    • Platform android-36, build-tools 36.1.0
    ✗ Android SDK location currently contains spaces, which is not supported by the Android SDK as it causes problems with NDK tools. Try moving it from C:\Users\786 Computers\AppData\Local\Android\sdk to a path without spaces.
    • Try re-installing or updating your Android SDK,
      visit https://flutter.dev/to/windows-android-setup for detailed instructions.

[✓] Chrome - develop for the web [24ms]
    • Chrome at C:\Program Files\Google\Chrome\Application\chrome.exe

[✗] Visual Studio - develop Windows apps [22ms]
    ✗ Visual Studio not installed; this is necessary to develop Windows apps.
      Download at https://visualstudio.microsoft.com/downloads/.
      Please install the "Desktop development with C++" workload, including all of its default components

[✓] Connected device (4 available) [447ms]
    • DE2118 (mobile)   • faa282f4 • android-arm64  • Android 12 (API 31)
    • Windows (desktop) • windows  • windows-x64    • Microsoft Windows [Version 10.0.22631.6199]
    • Chrome (web)      • chrome   • web-javascript • Google Chrome 146.0.7680.81
    • Edge (web)        • edge     • web-javascript • Microsoft Edge 148.0.3967.96

[✓] Network resources [621ms]
    • All expected network resources are available.

! Doctor found issues in 3 categories.
```
